// Vitest Snapshot v1, https://vitest.dev/guide/snapshot.html

exports[`ButtonComponent > should render the default button 1`] = `
"<!--v-if-->
<button type=\\"button\\" class=\\"flex items-center justify-center gap-1 rounded-md text-sm h-14 transition-colors duration-200 ease-in-out bg-primary-500 hover:bg-primary-700 text-white w-40\\" theme=\\"primary\\" size=\\"medium\\"> Click me!</button>"
`;
